ARM GAS  C:\Users\stijn\AppData\Local\Temp\cceRXGvQ.s 			page 1


   1              		.syntax unified
   2              		.cpu cortex-m4
   3              		.eabi_attribute 27, 1
   4              		.fpu fpv4-sp-d16
   5              		.eabi_attribute 20, 1
   6              		.eabi_attribute 21, 1
   7              		.eabi_attribute 23, 3
   8              		.eabi_attribute 24, 1
   9              		.eabi_attribute 25, 1
  10              		.eabi_attribute 26, 1
  11              		.eabi_attribute 30, 6
  12              		.eabi_attribute 34, 1
  13              		.eabi_attribute 18, 4
  14              		.thumb
  15              		.syntax unified
  16              		.file	"AMuxSeq.c"
  17              		.text
  18              	.Ltext0:
  19              		.cfi_sections	.debug_frame
  20              		.global	AMuxSeq_initVar
  21              		.bss
  22              		.type	AMuxSeq_initVar, %object
  23              		.size	AMuxSeq_initVar, 1
  24              	AMuxSeq_initVar:
  25 0000 00       		.space	1
  26              		.section	.text.AMuxSeq_Start,"ax",%progbits
  27              		.align	2
  28              		.global	AMuxSeq_Start
  29              		.thumb
  30              		.thumb_func
  31              		.type	AMuxSeq_Start, %function
  32              	AMuxSeq_Start:
  33              	.LFB132:
  34              		.file 1 "Generated_Source\\PSoC6\\AMuxSeq.c"
   1:Generated_Source\PSoC6/AMuxSeq.c **** /*******************************************************************************
   2:Generated_Source\PSoC6/AMuxSeq.c **** * File Name: AMuxSeq.c
   3:Generated_Source\PSoC6/AMuxSeq.c **** * Version 1.80
   4:Generated_Source\PSoC6/AMuxSeq.c **** *
   5:Generated_Source\PSoC6/AMuxSeq.c **** *  Description:
   6:Generated_Source\PSoC6/AMuxSeq.c **** *    This file contains functions for the AMuxSeq.
   7:Generated_Source\PSoC6/AMuxSeq.c **** *
   8:Generated_Source\PSoC6/AMuxSeq.c **** *   Note:
   9:Generated_Source\PSoC6/AMuxSeq.c **** *
  10:Generated_Source\PSoC6/AMuxSeq.c **** *******************************************************************************
  11:Generated_Source\PSoC6/AMuxSeq.c **** * Copyright 2008-2010, Cypress Semiconductor Corporation.  All rights reserved.
  12:Generated_Source\PSoC6/AMuxSeq.c **** * You may use this file only in accordance with the license, terms, conditions, 
  13:Generated_Source\PSoC6/AMuxSeq.c **** * disclaimers, and limitations in the end user license agreement accompanying 
  14:Generated_Source\PSoC6/AMuxSeq.c **** * the software package with which this file was provided.
  15:Generated_Source\PSoC6/AMuxSeq.c **** ********************************************************************************/
  16:Generated_Source\PSoC6/AMuxSeq.c **** 
  17:Generated_Source\PSoC6/AMuxSeq.c **** #include "AMuxSeq.h"
  18:Generated_Source\PSoC6/AMuxSeq.c **** 
  19:Generated_Source\PSoC6/AMuxSeq.c **** uint8 AMuxSeq_initVar = 0u;
  20:Generated_Source\PSoC6/AMuxSeq.c **** 
  21:Generated_Source\PSoC6/AMuxSeq.c **** 
  22:Generated_Source\PSoC6/AMuxSeq.c **** /*******************************************************************************
  23:Generated_Source\PSoC6/AMuxSeq.c **** * Function Name: AMuxSeq_Start
ARM GAS  C:\Users\stijn\AppData\Local\Temp\cceRXGvQ.s 			page 2


  24:Generated_Source\PSoC6/AMuxSeq.c **** ********************************************************************************
  25:Generated_Source\PSoC6/AMuxSeq.c **** * Summary:
  26:Generated_Source\PSoC6/AMuxSeq.c **** *  Disconnect all channels. The next time Next is called, channel 0 will be
  27:Generated_Source\PSoC6/AMuxSeq.c **** *  connected.
  28:Generated_Source\PSoC6/AMuxSeq.c **** *
  29:Generated_Source\PSoC6/AMuxSeq.c **** * Parameters:
  30:Generated_Source\PSoC6/AMuxSeq.c **** *  void
  31:Generated_Source\PSoC6/AMuxSeq.c **** *
  32:Generated_Source\PSoC6/AMuxSeq.c **** * Return:
  33:Generated_Source\PSoC6/AMuxSeq.c **** *  void
  34:Generated_Source\PSoC6/AMuxSeq.c **** *
  35:Generated_Source\PSoC6/AMuxSeq.c **** *******************************************************************************/
  36:Generated_Source\PSoC6/AMuxSeq.c **** void AMuxSeq_Start(void)
  37:Generated_Source\PSoC6/AMuxSeq.c **** {
  35              		.loc 1 37 0
  36              		.cfi_startproc
  37              		@ args = 0, pretend = 0, frame = 0
  38              		@ frame_needed = 1, uses_anonymous_args = 0
  39 0000 80B5     		push	{r7, lr}
  40              		.cfi_def_cfa_offset 8
  41              		.cfi_offset 7, -8
  42              		.cfi_offset 14, -4
  43 0002 00AF     		add	r7, sp, #0
  44              		.cfi_def_cfa_register 7
  38:Generated_Source\PSoC6/AMuxSeq.c ****     AMuxSeq_DisconnectAll();
  45              		.loc 1 38 0
  46 0004 FFF7FEFF 		bl	AMuxSeq_DisconnectAll
  39:Generated_Source\PSoC6/AMuxSeq.c ****     AMuxSeq_initVar = 1u;
  47              		.loc 1 39 0
  48 0008 024B     		ldr	r3, .L2
  49 000a 0122     		movs	r2, #1
  50 000c 1A70     		strb	r2, [r3]
  40:Generated_Source\PSoC6/AMuxSeq.c **** }
  51              		.loc 1 40 0
  52 000e 00BF     		nop
  53 0010 80BD     		pop	{r7, pc}
  54              	.L3:
  55 0012 00BF     		.align	2
  56              	.L2:
  57 0014 00000000 		.word	AMuxSeq_initVar
  58              		.cfi_endproc
  59              	.LFE132:
  60              		.size	AMuxSeq_Start, .-AMuxSeq_Start
  61              		.section	.text.AMuxSeq_Init,"ax",%progbits
  62              		.align	2
  63              		.global	AMuxSeq_Init
  64              		.thumb
  65              		.thumb_func
  66              		.type	AMuxSeq_Init, %function
  67              	AMuxSeq_Init:
  68              	.LFB133:
  41:Generated_Source\PSoC6/AMuxSeq.c **** 
  42:Generated_Source\PSoC6/AMuxSeq.c **** 
  43:Generated_Source\PSoC6/AMuxSeq.c **** /*******************************************************************************
  44:Generated_Source\PSoC6/AMuxSeq.c **** * Function Name: AMuxSeq_Init
  45:Generated_Source\PSoC6/AMuxSeq.c **** ********************************************************************************
  46:Generated_Source\PSoC6/AMuxSeq.c **** * Summary:
ARM GAS  C:\Users\stijn\AppData\Local\Temp\cceRXGvQ.s 			page 3


  47:Generated_Source\PSoC6/AMuxSeq.c **** *  Disconnect all channels. The next time Next is called, channel 0 will be
  48:Generated_Source\PSoC6/AMuxSeq.c **** *  connected.
  49:Generated_Source\PSoC6/AMuxSeq.c **** *
  50:Generated_Source\PSoC6/AMuxSeq.c **** * Parameters:
  51:Generated_Source\PSoC6/AMuxSeq.c **** *  void
  52:Generated_Source\PSoC6/AMuxSeq.c **** *
  53:Generated_Source\PSoC6/AMuxSeq.c **** * Return:
  54:Generated_Source\PSoC6/AMuxSeq.c **** *  void
  55:Generated_Source\PSoC6/AMuxSeq.c **** *
  56:Generated_Source\PSoC6/AMuxSeq.c **** *******************************************************************************/
  57:Generated_Source\PSoC6/AMuxSeq.c **** void AMuxSeq_Init(void)
  58:Generated_Source\PSoC6/AMuxSeq.c **** {
  69              		.loc 1 58 0
  70              		.cfi_startproc
  71              		@ args = 0, pretend = 0, frame = 0
  72              		@ frame_needed = 1, uses_anonymous_args = 0
  73 0000 80B5     		push	{r7, lr}
  74              		.cfi_def_cfa_offset 8
  75              		.cfi_offset 7, -8
  76              		.cfi_offset 14, -4
  77 0002 00AF     		add	r7, sp, #0
  78              		.cfi_def_cfa_register 7
  59:Generated_Source\PSoC6/AMuxSeq.c ****     AMuxSeq_DisconnectAll();
  79              		.loc 1 59 0
  80 0004 FFF7FEFF 		bl	AMuxSeq_DisconnectAll
  60:Generated_Source\PSoC6/AMuxSeq.c **** }
  81              		.loc 1 60 0
  82 0008 00BF     		nop
  83 000a 80BD     		pop	{r7, pc}
  84              		.cfi_endproc
  85              	.LFE133:
  86              		.size	AMuxSeq_Init, .-AMuxSeq_Init
  87              		.section	.text.AMuxSeq_Stop,"ax",%progbits
  88              		.align	2
  89              		.global	AMuxSeq_Stop
  90              		.thumb
  91              		.thumb_func
  92              		.type	AMuxSeq_Stop, %function
  93              	AMuxSeq_Stop:
  94              	.LFB134:
  61:Generated_Source\PSoC6/AMuxSeq.c **** 
  62:Generated_Source\PSoC6/AMuxSeq.c **** 
  63:Generated_Source\PSoC6/AMuxSeq.c **** /*******************************************************************************
  64:Generated_Source\PSoC6/AMuxSeq.c **** * Function Name: AMuxSeq_Stop
  65:Generated_Source\PSoC6/AMuxSeq.c **** ********************************************************************************
  66:Generated_Source\PSoC6/AMuxSeq.c **** * Summary:
  67:Generated_Source\PSoC6/AMuxSeq.c **** *  Disconnect all channels. The next time Next is called, channel 0 will be
  68:Generated_Source\PSoC6/AMuxSeq.c **** *  connected.
  69:Generated_Source\PSoC6/AMuxSeq.c **** *
  70:Generated_Source\PSoC6/AMuxSeq.c **** * Parameters:
  71:Generated_Source\PSoC6/AMuxSeq.c **** *  void
  72:Generated_Source\PSoC6/AMuxSeq.c **** *
  73:Generated_Source\PSoC6/AMuxSeq.c **** * Return:
  74:Generated_Source\PSoC6/AMuxSeq.c **** *  void
  75:Generated_Source\PSoC6/AMuxSeq.c **** *
  76:Generated_Source\PSoC6/AMuxSeq.c **** *******************************************************************************/
  77:Generated_Source\PSoC6/AMuxSeq.c **** void AMuxSeq_Stop(void)
ARM GAS  C:\Users\stijn\AppData\Local\Temp\cceRXGvQ.s 			page 4


  78:Generated_Source\PSoC6/AMuxSeq.c **** {
  95              		.loc 1 78 0
  96              		.cfi_startproc
  97              		@ args = 0, pretend = 0, frame = 0
  98              		@ frame_needed = 1, uses_anonymous_args = 0
  99 0000 80B5     		push	{r7, lr}
 100              		.cfi_def_cfa_offset 8
 101              		.cfi_offset 7, -8
 102              		.cfi_offset 14, -4
 103 0002 00AF     		add	r7, sp, #0
 104              		.cfi_def_cfa_register 7
  79:Generated_Source\PSoC6/AMuxSeq.c ****     AMuxSeq_DisconnectAll();
 105              		.loc 1 79 0
 106 0004 FFF7FEFF 		bl	AMuxSeq_DisconnectAll
  80:Generated_Source\PSoC6/AMuxSeq.c **** }
 107              		.loc 1 80 0
 108 0008 00BF     		nop
 109 000a 80BD     		pop	{r7, pc}
 110              		.cfi_endproc
 111              	.LFE134:
 112              		.size	AMuxSeq_Stop, .-AMuxSeq_Stop
 113              		.section	.text.AMuxSeq_GetChannel,"ax",%progbits
 114              		.align	2
 115              		.global	AMuxSeq_GetChannel
 116              		.thumb
 117              		.thumb_func
 118              		.type	AMuxSeq_GetChannel, %function
 119              	AMuxSeq_GetChannel:
 120              	.LFB135:
  81:Generated_Source\PSoC6/AMuxSeq.c **** 
  82:Generated_Source\PSoC6/AMuxSeq.c **** #if (AMuxSeq_MUXTYPE == AMuxSeq_MUX_DIFF)
  83:Generated_Source\PSoC6/AMuxSeq.c **** 
  84:Generated_Source\PSoC6/AMuxSeq.c **** /*******************************************************************************
  85:Generated_Source\PSoC6/AMuxSeq.c **** * Function Name: AMuxSeq_Next
  86:Generated_Source\PSoC6/AMuxSeq.c **** ********************************************************************************
  87:Generated_Source\PSoC6/AMuxSeq.c **** * Summary:
  88:Generated_Source\PSoC6/AMuxSeq.c **** *  Disconnects the previous channel and connects the next one in the sequence.
  89:Generated_Source\PSoC6/AMuxSeq.c **** *  When Next is called for the first time after Init, Start, Enable, Stop, or
  90:Generated_Source\PSoC6/AMuxSeq.c **** *  DisconnectAll, it connects channel 0.
  91:Generated_Source\PSoC6/AMuxSeq.c **** *
  92:Generated_Source\PSoC6/AMuxSeq.c **** * Parameters:
  93:Generated_Source\PSoC6/AMuxSeq.c **** *  void
  94:Generated_Source\PSoC6/AMuxSeq.c **** *
  95:Generated_Source\PSoC6/AMuxSeq.c **** * Return:
  96:Generated_Source\PSoC6/AMuxSeq.c **** *  void
  97:Generated_Source\PSoC6/AMuxSeq.c **** *
  98:Generated_Source\PSoC6/AMuxSeq.c **** *******************************************************************************/
  99:Generated_Source\PSoC6/AMuxSeq.c **** void AMuxSeq_Next(void)
 100:Generated_Source\PSoC6/AMuxSeq.c **** {
 101:Generated_Source\PSoC6/AMuxSeq.c ****     AMuxSeq_CYAMUXSIDE_A_Next();
 102:Generated_Source\PSoC6/AMuxSeq.c ****     AMuxSeq_CYAMUXSIDE_B_Next();
 103:Generated_Source\PSoC6/AMuxSeq.c **** }
 104:Generated_Source\PSoC6/AMuxSeq.c **** 
 105:Generated_Source\PSoC6/AMuxSeq.c **** 
 106:Generated_Source\PSoC6/AMuxSeq.c **** /*******************************************************************************
 107:Generated_Source\PSoC6/AMuxSeq.c **** * Function Name: AMuxSeq_DisconnectAll
 108:Generated_Source\PSoC6/AMuxSeq.c **** ********************************************************************************
ARM GAS  C:\Users\stijn\AppData\Local\Temp\cceRXGvQ.s 			page 5


 109:Generated_Source\PSoC6/AMuxSeq.c **** * Summary:
 110:Generated_Source\PSoC6/AMuxSeq.c **** *  This function disconnects all channels. The next time Next is called, channel
 111:Generated_Source\PSoC6/AMuxSeq.c **** *  0 will be connected.
 112:Generated_Source\PSoC6/AMuxSeq.c **** *
 113:Generated_Source\PSoC6/AMuxSeq.c **** * Parameters:
 114:Generated_Source\PSoC6/AMuxSeq.c **** *  void
 115:Generated_Source\PSoC6/AMuxSeq.c **** *
 116:Generated_Source\PSoC6/AMuxSeq.c **** * Return:
 117:Generated_Source\PSoC6/AMuxSeq.c **** *  void
 118:Generated_Source\PSoC6/AMuxSeq.c **** *
 119:Generated_Source\PSoC6/AMuxSeq.c **** *******************************************************************************/
 120:Generated_Source\PSoC6/AMuxSeq.c **** void AMuxSeq_DisconnectAll(void)
 121:Generated_Source\PSoC6/AMuxSeq.c **** {
 122:Generated_Source\PSoC6/AMuxSeq.c ****     AMuxSeq_CYAMUXSIDE_A_DisconnectAll();
 123:Generated_Source\PSoC6/AMuxSeq.c ****     AMuxSeq_CYAMUXSIDE_B_DisconnectAll();
 124:Generated_Source\PSoC6/AMuxSeq.c **** }
 125:Generated_Source\PSoC6/AMuxSeq.c **** 
 126:Generated_Source\PSoC6/AMuxSeq.c **** 
 127:Generated_Source\PSoC6/AMuxSeq.c **** /*******************************************************************************
 128:Generated_Source\PSoC6/AMuxSeq.c **** * Function Name: AMuxSeq_GetChannel
 129:Generated_Source\PSoC6/AMuxSeq.c **** ********************************************************************************
 130:Generated_Source\PSoC6/AMuxSeq.c **** * Summary:
 131:Generated_Source\PSoC6/AMuxSeq.c **** *  The currently connected channel is retuned. If no channel is connected
 132:Generated_Source\PSoC6/AMuxSeq.c **** *  returns -1.
 133:Generated_Source\PSoC6/AMuxSeq.c **** *
 134:Generated_Source\PSoC6/AMuxSeq.c **** * Parameters:
 135:Generated_Source\PSoC6/AMuxSeq.c **** *  void
 136:Generated_Source\PSoC6/AMuxSeq.c **** *
 137:Generated_Source\PSoC6/AMuxSeq.c **** * Return:
 138:Generated_Source\PSoC6/AMuxSeq.c **** *  The current channel or -1.
 139:Generated_Source\PSoC6/AMuxSeq.c **** *
 140:Generated_Source\PSoC6/AMuxSeq.c **** *******************************************************************************/
 141:Generated_Source\PSoC6/AMuxSeq.c **** int8 AMuxSeq_GetChannel(void)
 142:Generated_Source\PSoC6/AMuxSeq.c **** {
 143:Generated_Source\PSoC6/AMuxSeq.c ****     return AMuxSeq_CYAMUXSIDE_A_curChannel;
 144:Generated_Source\PSoC6/AMuxSeq.c **** }
 145:Generated_Source\PSoC6/AMuxSeq.c **** 
 146:Generated_Source\PSoC6/AMuxSeq.c **** #else
 147:Generated_Source\PSoC6/AMuxSeq.c **** 
 148:Generated_Source\PSoC6/AMuxSeq.c **** /*******************************************************************************
 149:Generated_Source\PSoC6/AMuxSeq.c **** * Function Name: AMuxSeq_GetChannel
 150:Generated_Source\PSoC6/AMuxSeq.c **** ********************************************************************************
 151:Generated_Source\PSoC6/AMuxSeq.c **** * Summary:
 152:Generated_Source\PSoC6/AMuxSeq.c **** *  The currently connected channel is retuned. If no channel is connected
 153:Generated_Source\PSoC6/AMuxSeq.c **** *  returns -1.
 154:Generated_Source\PSoC6/AMuxSeq.c **** *
 155:Generated_Source\PSoC6/AMuxSeq.c **** * Parameters:
 156:Generated_Source\PSoC6/AMuxSeq.c **** *  void
 157:Generated_Source\PSoC6/AMuxSeq.c **** *
 158:Generated_Source\PSoC6/AMuxSeq.c **** * Return:
 159:Generated_Source\PSoC6/AMuxSeq.c **** *  The current channel or -1.
 160:Generated_Source\PSoC6/AMuxSeq.c **** *
 161:Generated_Source\PSoC6/AMuxSeq.c **** *******************************************************************************/
 162:Generated_Source\PSoC6/AMuxSeq.c **** int8 AMuxSeq_GetChannel(void)
 163:Generated_Source\PSoC6/AMuxSeq.c **** {
 121              		.loc 1 163 0
 122              		.cfi_startproc
ARM GAS  C:\Users\stijn\AppData\Local\Temp\cceRXGvQ.s 			page 6


 123              		@ args = 0, pretend = 0, frame = 0
 124              		@ frame_needed = 1, uses_anonymous_args = 0
 125              		@ link register save eliminated.
 126 0000 80B4     		push	{r7}
 127              		.cfi_def_cfa_offset 4
 128              		.cfi_offset 7, -4
 129 0002 00AF     		add	r7, sp, #0
 130              		.cfi_def_cfa_register 7
 164:Generated_Source\PSoC6/AMuxSeq.c ****     return AMuxSeq_curChannel;
 131              		.loc 1 164 0
 132 0004 034B     		ldr	r3, .L8
 133 0006 93F90030 		ldrsb	r3, [r3]
 165:Generated_Source\PSoC6/AMuxSeq.c **** }
 134              		.loc 1 165 0
 135 000a 1846     		mov	r0, r3
 136 000c BD46     		mov	sp, r7
 137              		.cfi_def_cfa_register 13
 138              		@ sp needed
 139 000e 5DF8047B 		ldr	r7, [sp], #4
 140              		.cfi_restore 7
 141              		.cfi_def_cfa_offset 0
 142 0012 7047     		bx	lr
 143              	.L9:
 144              		.align	2
 145              	.L8:
 146 0014 00000000 		.word	AMuxSeq_curChannel
 147              		.cfi_endproc
 148              	.LFE135:
 149              		.size	AMuxSeq_GetChannel, .-AMuxSeq_GetChannel
 150              		.text
 151              	.Letext0:
 152              		.file 2 "c:\\program files (x86)\\cypress\\psoc creator\\4.2\\psoc creator\\import\\gnu\\arm\\5.4.
 153              		.file 3 "c:\\program files (x86)\\cypress\\psoc creator\\4.2\\psoc creator\\import\\gnu\\arm\\5.4.
 154              		.file 4 "Generated_Source\\PSoC6\\pdl\\drivers/peripheral/syslib/cy_syslib.h"
 155              		.file 5 "Generated_Source\\PSoC6\\pdl\\cmsis/include/core_cm4.h"
 156              		.file 6 "Generated_Source\\PSoC6\\cyfitter_cfg.h"
 157              		.section	.debug_info,"",%progbits
 158              	.Ldebug_info0:
 159 0000 70010000 		.4byte	0x170
 160 0004 0400     		.2byte	0x4
 161 0006 00000000 		.4byte	.Ldebug_abbrev0
 162 000a 04       		.byte	0x4
 163 000b 01       		.uleb128 0x1
 164 000c 97000000 		.4byte	.LASF30
 165 0010 0C       		.byte	0xc
 166 0011 13000000 		.4byte	.LASF31
 167 0015 A7010000 		.4byte	.LASF32
 168 0019 00000000 		.4byte	.Ldebug_ranges0+0
 169 001d 00000000 		.4byte	0
 170 0021 00000000 		.4byte	.Ldebug_line0
 171 0025 02       		.uleb128 0x2
 172 0026 02       		.byte	0x2
 173 0027 05       		.byte	0x5
 174 0028 3C020000 		.4byte	.LASF0
 175 002c 03       		.uleb128 0x3
 176 002d 00000000 		.4byte	.LASF2
 177 0031 02       		.byte	0x2
ARM GAS  C:\Users\stijn\AppData\Local\Temp\cceRXGvQ.s 			page 7


 178 0032 1B       		.byte	0x1b
 179 0033 37000000 		.4byte	0x37
 180 0037 02       		.uleb128 0x2
 181 0038 01       		.byte	0x1
 182 0039 06       		.byte	0x6
 183 003a 71020000 		.4byte	.LASF1
 184 003e 03       		.uleb128 0x3
 185 003f 09000000 		.4byte	.LASF3
 186 0043 02       		.byte	0x2
 187 0044 1D       		.byte	0x1d
 188 0045 49000000 		.4byte	0x49
 189 0049 02       		.uleb128 0x2
 190 004a 01       		.byte	0x1
 191 004b 08       		.byte	0x8
 192 004c 71000000 		.4byte	.LASF4
 193 0050 02       		.uleb128 0x2
 194 0051 02       		.byte	0x2
 195 0052 07       		.byte	0x7
 196 0053 51000000 		.4byte	.LASF5
 197 0057 03       		.uleb128 0x3
 198 0058 47000000 		.4byte	.LASF6
 199 005c 02       		.byte	0x2
 200 005d 3F       		.byte	0x3f
 201 005e 62000000 		.4byte	0x62
 202 0062 02       		.uleb128 0x2
 203 0063 04       		.byte	0x4
 204 0064 05       		.byte	0x5
 205 0065 5C020000 		.4byte	.LASF7
 206 0069 03       		.uleb128 0x3
 207 006a 63010000 		.4byte	.LASF8
 208 006e 02       		.byte	0x2
 209 006f 41       		.byte	0x41
 210 0070 74000000 		.4byte	0x74
 211 0074 02       		.uleb128 0x2
 212 0075 04       		.byte	0x4
 213 0076 07       		.byte	0x7
 214 0077 7F000000 		.4byte	.LASF9
 215 007b 02       		.uleb128 0x2
 216 007c 08       		.byte	0x8
 217 007d 05       		.byte	0x5
 218 007e 29020000 		.4byte	.LASF10
 219 0082 02       		.uleb128 0x2
 220 0083 08       		.byte	0x8
 221 0084 07       		.byte	0x7
 222 0085 88010000 		.4byte	.LASF11
 223 0089 04       		.uleb128 0x4
 224 008a 04       		.byte	0x4
 225 008b 05       		.byte	0x5
 226 008c 696E7400 		.ascii	"int\000"
 227 0090 02       		.uleb128 0x2
 228 0091 04       		.byte	0x4
 229 0092 07       		.byte	0x7
 230 0093 7B010000 		.4byte	.LASF12
 231 0097 03       		.uleb128 0x3
 232 0098 64000000 		.4byte	.LASF13
 233 009c 03       		.byte	0x3
 234 009d 14       		.byte	0x14
ARM GAS  C:\Users\stijn\AppData\Local\Temp\cceRXGvQ.s 			page 8


 235 009e 2C000000 		.4byte	0x2c
 236 00a2 03       		.uleb128 0x3
 237 00a3 9F010000 		.4byte	.LASF14
 238 00a7 03       		.byte	0x3
 239 00a8 18       		.byte	0x18
 240 00a9 3E000000 		.4byte	0x3e
 241 00ad 03       		.uleb128 0x3
 242 00ae 18020000 		.4byte	.LASF15
 243 00b2 03       		.byte	0x3
 244 00b3 2C       		.byte	0x2c
 245 00b4 57000000 		.4byte	0x57
 246 00b8 03       		.uleb128 0x3
 247 00b9 53020000 		.4byte	.LASF16
 248 00bd 03       		.byte	0x3
 249 00be 30       		.byte	0x30
 250 00bf 69000000 		.4byte	0x69
 251 00c3 02       		.uleb128 0x2
 252 00c4 04       		.byte	0x4
 253 00c5 07       		.byte	0x7
 254 00c6 20020000 		.4byte	.LASF17
 255 00ca 02       		.uleb128 0x2
 256 00cb 08       		.byte	0x8
 257 00cc 04       		.byte	0x4
 258 00cd 65020000 		.4byte	.LASF18
 259 00d1 02       		.uleb128 0x2
 260 00d2 01       		.byte	0x1
 261 00d3 08       		.byte	0x8
 262 00d4 37020000 		.4byte	.LASF19
 263 00d8 02       		.uleb128 0x2
 264 00d9 04       		.byte	0x4
 265 00da 04       		.byte	0x4
 266 00db 6B000000 		.4byte	.LASF20
 267 00df 02       		.uleb128 0x2
 268 00e0 08       		.byte	0x8
 269 00e1 04       		.byte	0x4
 270 00e2 57010000 		.4byte	.LASF21
 271 00e6 05       		.uleb128 0x5
 272 00e7 91000000 		.4byte	.LASF22
 273 00eb 04       		.byte	0x4
 274 00ec EA03     		.2byte	0x3ea
 275 00ee A2000000 		.4byte	0xa2
 276 00f2 05       		.uleb128 0x5
 277 00f3 5E010000 		.4byte	.LASF23
 278 00f7 04       		.byte	0x4
 279 00f8 ED03     		.2byte	0x3ed
 280 00fa 97000000 		.4byte	0x97
 281 00fe 06       		.uleb128 0x6
 282 00ff 0A020000 		.4byte	.LASF24
 283 0103 01       		.byte	0x1
 284 0104 24       		.byte	0x24
 285 0105 00000000 		.4byte	.LFB132
 286 0109 18000000 		.4byte	.LFE132-.LFB132
 287 010d 01       		.uleb128 0x1
 288 010e 9C       		.byte	0x9c
 289 010f 06       		.uleb128 0x6
 290 0110 6E010000 		.4byte	.LASF25
 291 0114 01       		.byte	0x1
ARM GAS  C:\Users\stijn\AppData\Local\Temp\cceRXGvQ.s 			page 9


 292 0115 39       		.byte	0x39
 293 0116 00000000 		.4byte	.LFB133
 294 011a 0C000000 		.4byte	.LFE133-.LFB133
 295 011e 01       		.uleb128 0x1
 296 011f 9C       		.byte	0x9c
 297 0120 06       		.uleb128 0x6
 298 0121 46020000 		.4byte	.LASF26
 299 0125 01       		.byte	0x1
 300 0126 4D       		.byte	0x4d
 301 0127 00000000 		.4byte	.LFB134
 302 012b 0C000000 		.4byte	.LFE134-.LFB134
 303 012f 01       		.uleb128 0x1
 304 0130 9C       		.byte	0x9c
 305 0131 07       		.uleb128 0x7
 306 0132 34000000 		.4byte	.LASF33
 307 0136 01       		.byte	0x1
 308 0137 A2       		.byte	0xa2
 309 0138 F2000000 		.4byte	0xf2
 310 013c 00000000 		.4byte	.LFB135
 311 0140 18000000 		.4byte	.LFE135-.LFB135
 312 0144 01       		.uleb128 0x1
 313 0145 9C       		.byte	0x9c
 314 0146 08       		.uleb128 0x8
 315 0147 4A010000 		.4byte	.LASF27
 316 014b 05       		.byte	0x5
 317 014c F907     		.2byte	0x7f9
 318 014e 52010000 		.4byte	0x152
 319 0152 09       		.uleb128 0x9
 320 0153 AD000000 		.4byte	0xad
 321 0157 0A       		.uleb128 0xa
 322 0158 F7010000 		.4byte	.LASF28
 323 015c 06       		.byte	0x6
 324 015d 1A       		.byte	0x1a
 325 015e F2000000 		.4byte	0xf2
 326 0162 0B       		.uleb128 0xb
 327 0163 7D020000 		.4byte	.LASF29
 328 0167 01       		.byte	0x1
 329 0168 13       		.byte	0x13
 330 0169 E6000000 		.4byte	0xe6
 331 016d 05       		.uleb128 0x5
 332 016e 03       		.byte	0x3
 333 016f 00000000 		.4byte	AMuxSeq_initVar
 334 0173 00       		.byte	0
 335              		.section	.debug_abbrev,"",%progbits
 336              	.Ldebug_abbrev0:
 337 0000 01       		.uleb128 0x1
 338 0001 11       		.uleb128 0x11
 339 0002 01       		.byte	0x1
 340 0003 25       		.uleb128 0x25
 341 0004 0E       		.uleb128 0xe
 342 0005 13       		.uleb128 0x13
 343 0006 0B       		.uleb128 0xb
 344 0007 03       		.uleb128 0x3
 345 0008 0E       		.uleb128 0xe
 346 0009 1B       		.uleb128 0x1b
 347 000a 0E       		.uleb128 0xe
 348 000b 55       		.uleb128 0x55
ARM GAS  C:\Users\stijn\AppData\Local\Temp\cceRXGvQ.s 			page 10


 349 000c 17       		.uleb128 0x17
 350 000d 11       		.uleb128 0x11
 351 000e 01       		.uleb128 0x1
 352 000f 10       		.uleb128 0x10
 353 0010 17       		.uleb128 0x17
 354 0011 00       		.byte	0
 355 0012 00       		.byte	0
 356 0013 02       		.uleb128 0x2
 357 0014 24       		.uleb128 0x24
 358 0015 00       		.byte	0
 359 0016 0B       		.uleb128 0xb
 360 0017 0B       		.uleb128 0xb
 361 0018 3E       		.uleb128 0x3e
 362 0019 0B       		.uleb128 0xb
 363 001a 03       		.uleb128 0x3
 364 001b 0E       		.uleb128 0xe
 365 001c 00       		.byte	0
 366 001d 00       		.byte	0
 367 001e 03       		.uleb128 0x3
 368 001f 16       		.uleb128 0x16
 369 0020 00       		.byte	0
 370 0021 03       		.uleb128 0x3
 371 0022 0E       		.uleb128 0xe
 372 0023 3A       		.uleb128 0x3a
 373 0024 0B       		.uleb128 0xb
 374 0025 3B       		.uleb128 0x3b
 375 0026 0B       		.uleb128 0xb
 376 0027 49       		.uleb128 0x49
 377 0028 13       		.uleb128 0x13
 378 0029 00       		.byte	0
 379 002a 00       		.byte	0
 380 002b 04       		.uleb128 0x4
 381 002c 24       		.uleb128 0x24
 382 002d 00       		.byte	0
 383 002e 0B       		.uleb128 0xb
 384 002f 0B       		.uleb128 0xb
 385 0030 3E       		.uleb128 0x3e
 386 0031 0B       		.uleb128 0xb
 387 0032 03       		.uleb128 0x3
 388 0033 08       		.uleb128 0x8
 389 0034 00       		.byte	0
 390 0035 00       		.byte	0
 391 0036 05       		.uleb128 0x5
 392 0037 16       		.uleb128 0x16
 393 0038 00       		.byte	0
 394 0039 03       		.uleb128 0x3
 395 003a 0E       		.uleb128 0xe
 396 003b 3A       		.uleb128 0x3a
 397 003c 0B       		.uleb128 0xb
 398 003d 3B       		.uleb128 0x3b
 399 003e 05       		.uleb128 0x5
 400 003f 49       		.uleb128 0x49
 401 0040 13       		.uleb128 0x13
 402 0041 00       		.byte	0
 403 0042 00       		.byte	0
 404 0043 06       		.uleb128 0x6
 405 0044 2E       		.uleb128 0x2e
ARM GAS  C:\Users\stijn\AppData\Local\Temp\cceRXGvQ.s 			page 11


 406 0045 00       		.byte	0
 407 0046 3F       		.uleb128 0x3f
 408 0047 19       		.uleb128 0x19
 409 0048 03       		.uleb128 0x3
 410 0049 0E       		.uleb128 0xe
 411 004a 3A       		.uleb128 0x3a
 412 004b 0B       		.uleb128 0xb
 413 004c 3B       		.uleb128 0x3b
 414 004d 0B       		.uleb128 0xb
 415 004e 27       		.uleb128 0x27
 416 004f 19       		.uleb128 0x19
 417 0050 11       		.uleb128 0x11
 418 0051 01       		.uleb128 0x1
 419 0052 12       		.uleb128 0x12
 420 0053 06       		.uleb128 0x6
 421 0054 40       		.uleb128 0x40
 422 0055 18       		.uleb128 0x18
 423 0056 9642     		.uleb128 0x2116
 424 0058 19       		.uleb128 0x19
 425 0059 00       		.byte	0
 426 005a 00       		.byte	0
 427 005b 07       		.uleb128 0x7
 428 005c 2E       		.uleb128 0x2e
 429 005d 00       		.byte	0
 430 005e 3F       		.uleb128 0x3f
 431 005f 19       		.uleb128 0x19
 432 0060 03       		.uleb128 0x3
 433 0061 0E       		.uleb128 0xe
 434 0062 3A       		.uleb128 0x3a
 435 0063 0B       		.uleb128 0xb
 436 0064 3B       		.uleb128 0x3b
 437 0065 0B       		.uleb128 0xb
 438 0066 27       		.uleb128 0x27
 439 0067 19       		.uleb128 0x19
 440 0068 49       		.uleb128 0x49
 441 0069 13       		.uleb128 0x13
 442 006a 11       		.uleb128 0x11
 443 006b 01       		.uleb128 0x1
 444 006c 12       		.uleb128 0x12
 445 006d 06       		.uleb128 0x6
 446 006e 40       		.uleb128 0x40
 447 006f 18       		.uleb128 0x18
 448 0070 9742     		.uleb128 0x2117
 449 0072 19       		.uleb128 0x19
 450 0073 00       		.byte	0
 451 0074 00       		.byte	0
 452 0075 08       		.uleb128 0x8
 453 0076 34       		.uleb128 0x34
 454 0077 00       		.byte	0
 455 0078 03       		.uleb128 0x3
 456 0079 0E       		.uleb128 0xe
 457 007a 3A       		.uleb128 0x3a
 458 007b 0B       		.uleb128 0xb
 459 007c 3B       		.uleb128 0x3b
 460 007d 05       		.uleb128 0x5
 461 007e 49       		.uleb128 0x49
 462 007f 13       		.uleb128 0x13
ARM GAS  C:\Users\stijn\AppData\Local\Temp\cceRXGvQ.s 			page 12


 463 0080 3F       		.uleb128 0x3f
 464 0081 19       		.uleb128 0x19
 465 0082 3C       		.uleb128 0x3c
 466 0083 19       		.uleb128 0x19
 467 0084 00       		.byte	0
 468 0085 00       		.byte	0
 469 0086 09       		.uleb128 0x9
 470 0087 35       		.uleb128 0x35
 471 0088 00       		.byte	0
 472 0089 49       		.uleb128 0x49
 473 008a 13       		.uleb128 0x13
 474 008b 00       		.byte	0
 475 008c 00       		.byte	0
 476 008d 0A       		.uleb128 0xa
 477 008e 34       		.uleb128 0x34
 478 008f 00       		.byte	0
 479 0090 03       		.uleb128 0x3
 480 0091 0E       		.uleb128 0xe
 481 0092 3A       		.uleb128 0x3a
 482 0093 0B       		.uleb128 0xb
 483 0094 3B       		.uleb128 0x3b
 484 0095 0B       		.uleb128 0xb
 485 0096 49       		.uleb128 0x49
 486 0097 13       		.uleb128 0x13
 487 0098 3F       		.uleb128 0x3f
 488 0099 19       		.uleb128 0x19
 489 009a 3C       		.uleb128 0x3c
 490 009b 19       		.uleb128 0x19
 491 009c 00       		.byte	0
 492 009d 00       		.byte	0
 493 009e 0B       		.uleb128 0xb
 494 009f 34       		.uleb128 0x34
 495 00a0 00       		.byte	0
 496 00a1 03       		.uleb128 0x3
 497 00a2 0E       		.uleb128 0xe
 498 00a3 3A       		.uleb128 0x3a
 499 00a4 0B       		.uleb128 0xb
 500 00a5 3B       		.uleb128 0x3b
 501 00a6 0B       		.uleb128 0xb
 502 00a7 49       		.uleb128 0x49
 503 00a8 13       		.uleb128 0x13
 504 00a9 3F       		.uleb128 0x3f
 505 00aa 19       		.uleb128 0x19
 506 00ab 02       		.uleb128 0x2
 507 00ac 18       		.uleb128 0x18
 508 00ad 00       		.byte	0
 509 00ae 00       		.byte	0
 510 00af 00       		.byte	0
 511              		.section	.debug_aranges,"",%progbits
 512 0000 34000000 		.4byte	0x34
 513 0004 0200     		.2byte	0x2
 514 0006 00000000 		.4byte	.Ldebug_info0
 515 000a 04       		.byte	0x4
 516 000b 00       		.byte	0
 517 000c 0000     		.2byte	0
 518 000e 0000     		.2byte	0
 519 0010 00000000 		.4byte	.LFB132
ARM GAS  C:\Users\stijn\AppData\Local\Temp\cceRXGvQ.s 			page 13


 520 0014 18000000 		.4byte	.LFE132-.LFB132
 521 0018 00000000 		.4byte	.LFB133
 522 001c 0C000000 		.4byte	.LFE133-.LFB133
 523 0020 00000000 		.4byte	.LFB134
 524 0024 0C000000 		.4byte	.LFE134-.LFB134
 525 0028 00000000 		.4byte	.LFB135
 526 002c 18000000 		.4byte	.LFE135-.LFB135
 527 0030 00000000 		.4byte	0
 528 0034 00000000 		.4byte	0
 529              		.section	.debug_ranges,"",%progbits
 530              	.Ldebug_ranges0:
 531 0000 00000000 		.4byte	.LFB132
 532 0004 18000000 		.4byte	.LFE132
 533 0008 00000000 		.4byte	.LFB133
 534 000c 0C000000 		.4byte	.LFE133
 535 0010 00000000 		.4byte	.LFB134
 536 0014 0C000000 		.4byte	.LFE134
 537 0018 00000000 		.4byte	.LFB135
 538 001c 18000000 		.4byte	.LFE135
 539 0020 00000000 		.4byte	0
 540 0024 00000000 		.4byte	0
 541              		.section	.debug_line,"",%progbits
 542              	.Ldebug_line0:
 543 0000 0E020000 		.section	.debug_str,"MS",%progbits,1
 543      0200C101 
 543      00000201 
 543      FB0E0D00 
 543      01010101 
 544              	.LASF2:
 545 0000 5F5F696E 		.ascii	"__int8_t\000"
 545      74385F74 
 545      00
 546              	.LASF3:
 547 0009 5F5F7569 		.ascii	"__uint8_t\000"
 547      6E74385F 
 547      7400
 548              	.LASF31:
 549 0013 47656E65 		.ascii	"Generated_Source\\PSoC6\\AMuxSeq.c\000"
 549      72617465 
 549      645F536F 
 549      75726365 
 549      5C50536F 
 550              	.LASF33:
 551 0034 414D7578 		.ascii	"AMuxSeq_GetChannel\000"
 551      5365715F 
 551      47657443 
 551      68616E6E 
 551      656C00
 552              	.LASF6:
 553 0047 5F5F696E 		.ascii	"__int32_t\000"
 553      7433325F 
 553      7400
 554              	.LASF5:
 555 0051 73686F72 		.ascii	"short unsigned int\000"
 555      7420756E 
 555      7369676E 
 555      65642069 
ARM GAS  C:\Users\stijn\AppData\Local\Temp\cceRXGvQ.s 			page 14


 555      6E7400
 556              	.LASF13:
 557 0064 696E7438 		.ascii	"int8_t\000"
 557      5F7400
 558              	.LASF20:
 559 006b 666C6F61 		.ascii	"float\000"
 559      7400
 560              	.LASF4:
 561 0071 756E7369 		.ascii	"unsigned char\000"
 561      676E6564 
 561      20636861 
 561      7200
 562              	.LASF9:
 563 007f 6C6F6E67 		.ascii	"long unsigned int\000"
 563      20756E73 
 563      69676E65 
 563      6420696E 
 563      7400
 564              	.LASF22:
 565 0091 75696E74 		.ascii	"uint8\000"
 565      3800
 566              	.LASF30:
 567 0097 474E5520 		.ascii	"GNU C11 5.4.1 20160609 (release) [ARM/embedded-5-br"
 567      43313120 
 567      352E342E 
 567      31203230 
 567      31363036 
 568 00ca 616E6368 		.ascii	"anch revision 237715] -mcpu=cortex-m4 -mfloat-abi=s"
 568      20726576 
 568      6973696F 
 568      6E203233 
 568      37373135 
 569 00fd 6F667466 		.ascii	"oftfp -mfpu=fpv4-sp-d16 -mthumb -g -O0 -ffunction-s"
 569      70202D6D 
 569      6670753D 
 569      66707634 
 569      2D73702D 
 570 0130 65637469 		.ascii	"ections -ffat-lto-objects\000"
 570      6F6E7320 
 570      2D666661 
 570      742D6C74 
 570      6F2D6F62 
 571              	.LASF27:
 572 014a 49544D5F 		.ascii	"ITM_RxBuffer\000"
 572      52784275 
 572      66666572 
 572      00
 573              	.LASF21:
 574 0157 646F7562 		.ascii	"double\000"
 574      6C6500
 575              	.LASF23:
 576 015e 696E7438 		.ascii	"int8\000"
 576      00
 577              	.LASF8:
 578 0163 5F5F7569 		.ascii	"__uint32_t\000"
 578      6E743332 
 578      5F7400
ARM GAS  C:\Users\stijn\AppData\Local\Temp\cceRXGvQ.s 			page 15


 579              	.LASF25:
 580 016e 414D7578 		.ascii	"AMuxSeq_Init\000"
 580      5365715F 
 580      496E6974 
 580      00
 581              	.LASF12:
 582 017b 756E7369 		.ascii	"unsigned int\000"
 582      676E6564 
 582      20696E74 
 582      00
 583              	.LASF11:
 584 0188 6C6F6E67 		.ascii	"long long unsigned int\000"
 584      206C6F6E 
 584      6720756E 
 584      7369676E 
 584      65642069 
 585              	.LASF14:
 586 019f 75696E74 		.ascii	"uint8_t\000"
 586      385F7400 
 587              	.LASF32:
 588 01a7 433A5C55 		.ascii	"C:\\Users\\stijn\\OneDrive\\Documenten\\PSoC Creato"
 588      73657273 
 588      5C737469 
 588      6A6E5C4F 
 588      6E654472 
 589 01d5 725C4144 		.ascii	"r\\ADC Klodden\\RTOS_I2C_Test.cydsn\000"
 589      43204B6C 
 589      6F646465 
 589      6E5C5254 
 589      4F535F49 
 590              	.LASF28:
 591 01f7 414D7578 		.ascii	"AMuxSeq_curChannel\000"
 591      5365715F 
 591      63757243 
 591      68616E6E 
 591      656C00
 592              	.LASF24:
 593 020a 414D7578 		.ascii	"AMuxSeq_Start\000"
 593      5365715F 
 593      53746172 
 593      7400
 594              	.LASF15:
 595 0218 696E7433 		.ascii	"int32_t\000"
 595      325F7400 
 596              	.LASF17:
 597 0220 73697A65 		.ascii	"sizetype\000"
 597      74797065 
 597      00
 598              	.LASF10:
 599 0229 6C6F6E67 		.ascii	"long long int\000"
 599      206C6F6E 
 599      6720696E 
 599      7400
 600              	.LASF19:
 601 0237 63686172 		.ascii	"char\000"
 601      00
 602              	.LASF0:
ARM GAS  C:\Users\stijn\AppData\Local\Temp\cceRXGvQ.s 			page 16


 603 023c 73686F72 		.ascii	"short int\000"
 603      7420696E 
 603      7400
 604              	.LASF26:
 605 0246 414D7578 		.ascii	"AMuxSeq_Stop\000"
 605      5365715F 
 605      53746F70 
 605      00
 606              	.LASF16:
 607 0253 75696E74 		.ascii	"uint32_t\000"
 607      33325F74 
 607      00
 608              	.LASF7:
 609 025c 6C6F6E67 		.ascii	"long int\000"
 609      20696E74 
 609      00
 610              	.LASF18:
 611 0265 6C6F6E67 		.ascii	"long double\000"
 611      20646F75 
 611      626C6500 
 612              	.LASF1:
 613 0271 7369676E 		.ascii	"signed char\000"
 613      65642063 
 613      68617200 
 614              	.LASF29:
 615 027d 414D7578 		.ascii	"AMuxSeq_initVar\000"
 615      5365715F 
 615      696E6974 
 615      56617200 
 616              		.ident	"GCC: (GNU Tools for ARM Embedded Processors) 5.4.1 20160609 (release) [ARM/embedded-5-bran
